// Jest Snapshot v1, https://goo.gl/fbAQLP

exports[`tests on HelloWorldApp must match with the snapshot 1`] = `
<div>
  <div
    data-testid="test-title"
  >
     
    Hello, I'm Goku
     
  </div>
  <p>
    There is no subtitle
  </p>
  <p>
    There is no subtitle
  </p>
  <p>
    Brayan Garcia
  </p>
</div>
`;
